// Jest Snapshot v1, https://goo.gl/fbAQLP

exports[`Empty should be empty 1`] = `<Unknown />`;
